2026-05-06 20:01:23 [INFO] {"event": "CAPTCHA_CREATED", "msg": "Audio captcha created: 91bad20719733fb93c956ebbecbb0cd4", "meta": {"module": "audio", "ip": null, "session": null}}
2026-05-06 20:01:23 [INFO] {"event": "CAPTCHA_CREATED", "msg": "Audio captcha created: 5f97507e5e826f309ce95e2231033782", "meta": {"module": "audio", "ip": null, "session": null}}
2026-05-06 20:01:23 [INFO] {"event": "VERIFY_SUCCESS", "msg": "Captcha verified: 5f97507e5e826f309ce95e2231033782", "meta": {"module": "audio", "ip": null}}
2026-05-06 20:01:23 [INFO] {"event": "CAPTCHA_CREATED", "msg": "Math captcha created: fff0ce41f806c21b757d5ad70a7af9d4", "meta": {"module": "math", "ip": null, "session": null}}
2026-05-06 20:01:23 [INFO] {"event": "CAPTCHA_CREATED", "msg": "Math captcha created: 068de49275895d3fbcc9da411fbb2d76", "meta": {"module": "math", "ip": null, "session": null}}
2026-05-06 20:01:24 [INFO] {"event": "VERIFY_SUCCESS", "msg": "Captcha verified: 068de49275895d3fbcc9da411fbb2d76", "meta": {"module": "math", "ip": null}}
2026-05-06 20:01:24 [INFO] {"event": "CAPTCHA_CREATED", "msg": "Math captcha created: 421eace0c0becc54cbe0788bc302365d", "meta": {"module": "math", "ip": null, "session": null}}
2026-05-06 20:01:24 [INFO] {"event": "VERIFY_REJECTED", "msg": "Captcha expired: 421eace0c0becc54cbe0788bc302365d", "meta": {"module": "math", "ip": null}}
2026-05-06 20:01:24 [INFO] {"event": "CAPTCHA_CREATED", "msg": "Text captcha created: 88c99ebd37ac7b8a42aea692980b76a1", "meta": {"module": "text", "ip": null, "session": null}}
2026-05-06 20:01:24 [INFO] {"event": "VERIFY_SUCCESS", "msg": "Captcha verified: 88c99ebd37ac7b8a42aea692980b76a1", "meta": {"module": "text", "ip": null}}
2026-05-06 20:01:24 [INFO] {"event": "CAPTCHA_CREATED", "msg": "Text captcha created: 16dc9c5f5f09f0f581f37c767f202a22", "meta": {"module": "text", "ip": null, "session": null}}
2026-05-06 20:01:24 [INFO] {"event": "VERIFY_SUCCESS", "msg": "Captcha verified: 16dc9c5f5f09f0f581f37c767f202a22", "meta": {"module": "text", "ip": null}}
2026-05-06 20:01:24 [INFO] {"event": "CAPTCHA_CREATED", "msg": "Text captcha created: 9ad169d459336d7f24b53dac5cd1577b", "meta": {"module": "text", "ip": null, "session": null}}
2026-05-06 20:01:25 [INFO] {"event": "CAPTCHA_CREATED", "msg": "Text captcha created: c33c9d2b4e9247e2ab73b076425abcce", "meta": {"module": "text", "ip": null, "session": null}}
2026-05-06 20:01:25 [INFO] {"event": "VERIFY_SUCCESS", "msg": "Captcha verified: c33c9d2b4e9247e2ab73b076425abcce", "meta": {"module": "text", "ip": null}}
2026-05-06 20:01:25 [INFO] {"event": "CAPTCHA_CREATED", "msg": "Text captcha created: 9b0fc7746030c03ccc00f4d4f919f651", "meta": {"module": "text", "ip": null, "session": null}}
2026-05-06 20:01:25 [INFO] {"event": "CAPTCHA_CREATED", "msg": "Text captcha created: 96facb6f89155dd63ee3b259012a6eb4", "meta": {"module": "text", "ip": null, "session": null}}
2026-05-06 20:01:25 [INFO] {"event": "VERIFY_SUCCESS", "msg": "Captcha verified: 96facb6f89155dd63ee3b259012a6eb4", "meta": {"module": "text", "ip": null}}
2026-05-06 20:01:25 [INFO] {"event": "CAPTCHA_CREATED", "msg": "Text captcha created: 95b6149d5ae7e5feaa0a681928df5a25", "meta": {"module": "text", "ip": null, "session": null}}
2026-05-06 20:01:25 [INFO] {"event": "VERIFY_REJECTED", "msg": "Max attempts reached: 95b6149d5ae7e5feaa0a681928df5a25", "meta": {"module": "text", "ip": null}}
2026-05-06 20:01:25 [INFO] {"event": "CAPTCHA_CREATED", "msg": "Text captcha created: 4481d09aca40f25034f880ff66430296", "meta": {"module": "text", "ip": null, "session": null}}
2026-05-06 20:01:26 [INFO] {"event": "VERIFY_FAILED", "msg": "Wrong answer for 4481d09aca40f25034f880ff66430296", "meta": {"module": "text", "ip": null, "attempt": 1}}
